[assembly: System.CLSCompliantAttribute(true)]
[assembly: System.Runtime.InteropServices.ComVisibleAttribute(false)]
[assembly: System.Runtime.Versioning.TargetFrameworkAttribute(".NETFramework,Version=v4.5.1", FrameworkDisplayName=".NET Framework 4.5.1")]
namespace NServiceBus
{
    public class LegacyEnumResponse<T>
    {
        public LegacyEnumResponse(T status) { }
        public T Status { get; }
    }
    public class static SendOptionsExtensions
    {
        public static NServiceBus.SendOptions RegisterCancellationToken(this NServiceBus.SendOptions options, System.Threading.CancellationToken cancellationToken) { }
    }
    public class static TransientRequestResponseExtensions
    {
        public static System.Threading.Tasks.Task<TResponse> RequestWithTransientlyHandledResponseAsync<TResponse>(this NServiceBus.IBus bus, object requestMessage, NServiceBus.SendOptions options) { }
    }
}