[assembly: System.CLSCompliantAttribute(false)]
[assembly: System.Runtime.InteropServices.ComVisibleAttribute(false)]
namespace NServiceBus.Callbacks.Testing
{
    public class TestableCallbackAwareSession : NServiceBus.Testing.TestableMessageSession
    {
        public TestableCallbackAwareSession() { }
        public override System.Threading.Tasks.Task Send(object message, NServiceBus.SendOptions options) { }
        public void When<TRequest, TResult>(System.Func<TRequest, bool> matcher, TResult response)
            where TRequest :  class { }
        public void When<TRequest, TResult>(System.Func<TRequest, NServiceBus.SendOptions, bool> matcher, TResult response)
            where TRequest :  class { }
    }
}